make all --print-data-base --no-builtin-variables --no-builtin-rules --question
make: *** No rule to make target 'all'.  Stop.

# GNU Make 4.4.1
# Built for x86_64-unknown-linux-gnu
# Copyright (C) 1988-2023 Free Software Foundation, Inc.
# License GPLv3+: GNU GPL version 3 or later <https://gnu.org/licenses/gpl.html>
# This is free software: you are free to change and redistribute it.
# There is NO WARRANTY, to the extent permitted by law.

# Make data base, printed on Wed May 20 18:18:37 2026

# Variables

# environment
MEMORY_PRESSURE_WRITE = c29tZSAyMDAwMDAgMjAwMDAwMAA=
# environment
GDK_BACKEND = wayland
# environment
LC_ALL = C
# environment
NO_AT_BRIDGE = 1
# environment
GTK_RC_FILES = /etc/gtk/gtkrc:/home/eliezer/.gtkrc:/home/eliezer/.config/gtkrc
# environment
PULSE_SERVER = unix:/run/flatpak/pulse/native
# environment
SBX_CHROME_API_RQ = 1
# environment
VSCODE_CRASH_REPORTER_PROCESS_TYPE = extensionHost
# environment
VSCODE_CWD = /home/eliezer
# makefile (from 'makefile', line 34)
REPORT_DIR = $(CURDIR)/reports
# default
MAKE_COMMAND := make
# makefile (from 'makefile', line 4)
PROJECT_PATH_APP := /home/eliezer/devs/xcoreCli/core
# environment
OTEL_INSTRUMENTATION_GENAI_CAPTURE_MESSAGE_CONTENT = true
# automatic
@D = $(patsubst %/,%,$(dir $@))
# environment
COPILOT_OTEL_EXPORTER_TYPE = file
# environment
VSCODE_HANDLES_UNCAUGHT_ERRORS = true
# default
.VARIABLES := 
# environment
PWD = /home/eliezer/devs/xcoreCli
# environment
ZYPAK_ZYGOTE_STRATEGY_SPAWN = 1
# automatic
%D = $(patsubst %/,%,$(dir $%))
# environment
GI_TYPELIB_PATH = /app/lib/girepository-1.0
# environment
MAIL = /var/spool/mail/eliezer
# environment
XDG_DATA_DIRS = /app/share:/usr/share:/usr/share/runtime/share:/run/host/user-share:/run/host/share
# environment
OLDPWD = /home/eliezer
# automatic
^D = $(patsubst %/,%,$(dir $^))
# automatic
%F = $(notdir $%)
# environment
VSCODE_CODE_CACHE_PATH = /home/eliezer/.var/app/com.visualstudio.code/config/Code/CachedData/8b640eef5a6c6089c029249d48efa5c99adf7d51
# environment
XDG_SESSION_PATH = /org/freedesktop/DisplayManager/Session1
# environment
LANG = C
# environment
XAUTHORITY = /run/user/1000/xauth_LSxXWV
# default
.LOADED := 
# default
.INCLUDE_DIRS := /usr/include
# environment
MEMORY_PRESSURE_WATCH = /sys/fs/cgroup/user.slice/user-1000.slice/user@1000.service/session.slice/plasma-plasmashell.service/memory.pressure
# environment
ALSA_CONFIG_DIR = /usr/share/alsa
# makefile
MAKEFLAGS = pqrR
# makefile (from 'makefile', line 6)
LOGS_FILE := /home/eliezer/devs/xcoreCli/log/app.log
# makefile
CURDIR := /home/eliezer/devs/xcoreCli
# environment
APPLICATION_INSIGHTS_NO_DIAGNOSTIC_CHANNEL = true
# automatic
*D = $(patsubst %/,%,$(dir $*))
# environment
ICEAUTHORITY = /run/user/1000/iceauth_MLyxvJ
# environment
ZYPAK_LIB = /app/bin/../lib
# environment
MFLAGS = -pqrR
# default
.SHELLFLAGS := -c
# environment
WAYLAND_DISPLAY = wayland-0
# environment
XDG_CONFIG_DIRS = /app/etc/xdg:/etc/xdg
# environment
COPILOT_OTEL_FILE_EXPORTER_PATH = /dev/null
# automatic
+D = $(patsubst %/,%,$(dir $+))
# environment
ALSA_CONFIG_PATH = /usr/share/alsa/alsa-flatpak.conf
# environment
XDG_SESSION_DESKTOP = KDE
# makefile (from 'makefile', line 1)
MAKEFILE_LIST := makefile
# environment
FLATPAK_SANDBOX_DIR = /home/eliezer/.var/app/com.visualstudio.code/sandbox
# automatic
@F = $(notdir $@)
# environment
VSCODE_PID = 22
# environment
XDG_SESSION_TYPE = wayland
# automatic
?D = $(patsubst %/,%,$(dir $?))
# environment
PYTHONUSERBASE = /var/data/python
# environment
AT_SPI_BUS_ADDRESS = unix:path=/run/flatpak/at-spi-bus
# environment
XDG_DATA_HOME = /home/eliezer/.var/app/com.visualstudio.code/data
# environment
SESSION_MANAGER = local/archlinux:@/tmp/.ICE-unix/1212,unix/archlinux:/tmp/.ICE-unix/1212
# automatic
*F = $(notdir $*)
# environment
CHROME_DESKTOP = code.desktop
# environment
DBUS_SESSION_BUS_ADDRESS = unix:path=/run/flatpak/bus
# automatic
<D = $(patsubst %/,%,$(dir $<))
# environment
VSCODE_NLS_CONFIG = {"userLocale":"fr","osLocale":"fr-fr","resolvedLanguage":"fr","defaultMessagesFile":"/app/extra/vscode/resources/app/out/nls.messages.json","languagePack":{"translationsConfigFile":"/home/eliezer/.var/app/com.visualstudio.code/config/Code/clp/8263a3d67df5ec50a4cc69e98e964507.fr/tcf.json","messagesFile":"/home/eliezer/.var/app/com.visualstudio.code/config/Code/clp/8263a3d67df5ec50a4cc69e98e964507.fr/8b640eef5a6c6089c029249d48efa5c99adf7d51/nls.messages.json","corruptMarkerFile":"/home/eliezer/.var/app/com.visualstudio.code/config/Code/clp/8263a3d67df5ec50a4cc69e98e964507.fr/corrupted.info"},"locale":"fr","availableLanguages":{"*":"fr"},"_languagePackId":"8263a3d67df5ec50a4cc69e98e964507.fr","_languagePackSupport":true,"_translationsConfigFile":"/home/eliezer/.var/app/com.visualstudio.code/config/Code/clp/8263a3d67df5ec50a4cc69e98e964507.fr/tcf.json","_cacheRoot":"/home/eliezer/.var/app/com.visualstudio.code/config/Code/clp/8263a3d67df5ec50a4cc69e98e964507.fr","_resolvedLanguagePackCoreLocation":"/home/eliezer/.var/app/com.visualstudio.code/config/Code/clp/8263a3d67df5ec50a4cc69e98e964507.fr/8b640eef5a6c6089c029249d48efa5c99adf7d51","_corruptedFile":"/home/eliezer/.var/app/com.visualstudio.code/config/Code/clp/8263a3d67df5ec50a4cc69e98e964507.fr/corrupted.info"}
# environment
__EGL_EXTERNAL_PLATFORM_CONFIG_DIRS = /etc/egl/egl_external_platform.d:/usr/lib/x86_64-linux-gnu/GL/egl/egl_external_platform.d:/usr/share/egl/egl_external_platform.d
# makefile (from 'makefile', line 17)
PLUGIN_REPO = http://github.com/$(AUTHOR)/$(PLUGIN_NAME).git
# default
MAKE_HOST := x86_64-unknown-linux-gnu
# makefile
SHELL = /bin/sh
# default
MAKECMDGOALS := all
# environment
LD_LIBRARY_PATH = /app/lib
# environment
SANDBOX_LD_LIBRARY_PATH = /app/lib
# environment
SHLVL = 0
# environment
MAKELEVEL := 0
# default
MAKE = $(MAKE_COMMAND)
# environment
PATH = /app/bin:/app/bin:/app/bin:/usr/bin:/home/eliezer/.var/app/com.visualstudio.code/data/node_modules/bin
# environment
XCURSOR_PATH = /run/host/user-share/icons:/run/host/share/icons
# default
MAKEFILES := 
# environment
MOTD_SHOWN = pam
# automatic
^F = $(notdir $^)
# environment
DBUS_SYSTEM_BUS_ADDRESS = unix:path=/run/dbus/system_bus_socket
# environment
 
APPLICATION_INSIGHTS_NO_STATSBEAT = true
# environment
XDG_CONFIG_HOME = /home/eliezer/.var/app/com.visualstudio.code/config
# environment
INVOCATION_ID = 67b7ee8597174e56a8f75ed4a7c66efc
# makefile (from 'makefile', line 36)
AUTOMATE_CMD = all
# environment
_JAVA_AWT_WM_NONREPARENTING = 1
# automatic
?F = $(notdir $?)
# environment
KDE_APPLICATIONS_AS_SCOPE = 1
# makefile (from 'makefile', line 12)
NAME = module.py              
# environment
XDG_SEAT = seat0
# environment
XDG_CURRENT_DESKTOP = KDE
# automatic
+F = $(notdir $+)
# environment
XDG_SEAT_PATH = /org/freedesktop/DisplayManager/Seat0
# environment
DESKTOP_SESSION = plasma
# environment
GST_PLUGIN_SYSTEM_PATH = /app/lib/gstreamer-1.0:/usr/lib/extensions/gstreamer-1.0:/usr/lib/x86_64-linux-gnu/codecs-extra/lib/gstreamer-1.0:/usr/lib/x86_64-linux-gnu/gstreamer-1.0
# 'override' directive
GNUMAKEFLAGS := 
# environment
LOGNAME = eliezer
# environment
container = flatpak
# environment
XDG_VTNR = 1
# makefile
.DEFAULT_GOAL := help
# environment
SYSTEMD_EXEC_PID = 1249
# environment
NPM_CONFIG_GLOBALCONFIG = /app/etc/npmrc
# environment
USER = eliezer
# default
MAKE_VERSION := 4.4.1
# environment
KDE_SESSION_UID = 1000
# makefile (from 'makefile', line 5)
PROJECT_PATH := /home/eliezer/devs/xcoreCli
# 'override' directive
.SHELLSTATUS := 0
# environment
MANAGERPID = 980
# environment
DEBUGINFOD_URLS = https://debuginfod.archlinux.org 
# environment
XKB_DEFAULT_LAYOUT = fr
# environment
_ = /usr/bin/make
# environment
XDG_RUNTIME_DIR = /run/user/1000
# makefile (from 'makefile', line 18)
PLUGIN_DIR := plugins/myplugin
# environment
PULSE_CLIENTCONFIG = /run/flatpak/pulse/config
# environment
FC_FONTATIONS = 1
# makefile (from 'makefile', line 11)
TO = $(shell pwd)/backgroundtask           
# environment
COPILOT_OTEL_ENABLED = true
# environment
JOURNAL_STREAM = 9:18528
# environment
XDG_SESSION_CLASS = user
# environment
GTK2_RC_FILES = /etc/gtk-2.0/gtkrc:/home/eliezer/.gtkrc-2.0:/home/eliezer/.config/gtkrc-2.0
# environment
HOME = /home/eliezer
# makefile (from 'makefile', line 10)
FROM = /path/to/module.py     
# environment
ELECTRON_RUN_AS_NODE = 1
# environment
VSCODE_IPC_HOOK = /run/user/1000/vscode-bc48e1b0-1.11-main.sock
# environment
XDG_SESSION_ID = 2
# default
.RECIPEPREFIX := 
# automatic
<F = $(notdir $<)
# environment
XDG_STATE_HOME = /home/eliezer/.var/app/com.visualstudio.code/.local/state
# default
SUFFIXES := 
# environment
XDG_CACHE_HOME = /home/eliezer/.var/app/com.visualstudio.code/cache
# makefile (from 'makefile', line 35)
STRICT = 0
# environment
VSCODE_CLI = 1
# environment
ELECTRON_NO_ATTACH_CONSOLE = 1
# environment
MANAGERPIDFDID = 981
# makefile (from 'makefile', line 15)
PLUGIN_NAME = myplugin
# environment
KDE_SESSION_VERSION = 6
# default
.FEATURES := target-specific order-only second-expansion else-if shortest-stem undefine oneshell nocomment grouped-target extra-prereqs notintermediate shell-export archives jobserver jobserver-fifo output-sync check-symlink load
# environment
FLATPAK_ID = com.visualstudio.code
# makefile (from 'makefile', line 16)
AUTHOR = traoreera
# environment
KDE_FULL_SESSION = true
# environment
XDG_MENU_PREFIX = plasma-
# environment
VSCODE_ESM_ENTRYPOINT = vs/workbench/api/node/extensionHostProcess
# environment
ZYPAK_BIN = /app/bin
# environment
QT_WAYLAND_RECONNECT = 1
# variable set hash-table stats:
# Load=143/1024=14%, Rehash=0, Collisions=13/191=7%

# Pattern-specific Variable Values

# No pattern-specific variable values.

# Directories

# . (device 38, inode 6227972): 13 files, no impossibilities.

# 13 files, no impossibilities in 1 directories.

# Implicit Rules

# No implicit rules.

# Files

validate-plugins:
#  Implicit rule search has not been done.
#  Modification time never checked.
#  File has not been updated.
#  recipe to execute (from 'makefile', line 968):
	@echo "🔌 Validation des plugins..."
	@poetry run xcore plugin health

automate:
#  Phony target (prerequisite of .PHONY).
#  Implicit rule search has not been done.
#  File does not exist.
#  File has not been updated.
#  recipe to execute (from 'makefile', line 106):
	@case "$(AUTOMATE_CMD)" in \
		all) $(MAKE) auto-all ;; \
		env) $(MAKE) auto-env ;; \
		setup) $(MAKE) auto-setup ;; \
		tests) $(MAKE) auto-tests ;; \
		security) $(MAKE) auto-security ;; \
		docs) $(MAKE) auto-docs ;; \
		*) echo "❌ AUTOMATE_CMD invalide: $(AUTOMATE_CMD)"; exit 2 ;; \
	esac

logs-search:
#  Phony target (prerequisite of .PHONY).
#  Implicit rule search has not been done.
#  File does not exist.
#  File has not been updated.
#  recipe to execute (from 'makefile', line 402):
	@if [ -z "$(TERM)" ]; then \
		echo "❌ Erreur : veuillez fournir un terme de recherche"; \
		echo "   Exemple : make logs-search TERM='utilisateur'"; \
		exit 1; \
	fi
	@echo "🔍 Recherche de '$(TERM)' dans les logs..."
 
	@if [ -f "$(LOGS_FILE)" ]; then \
		grep -i "$(TERM)" $(LOGS_FILE) | tail -30; \
	else \
		echo "⚠️  Fichier $(LOGS_FILE) introuvable"; \
	fi

deploy:
#  Phony target (prerequisite of .PHONY).
#  Implicit rule search has not been done.
#  File does not exist.
#  File has not been updated.
#  recipe to execute (from 'makefile', line 236):
	@./script/install.sh

auto-docs:
#  Phony target (prerequisite of .PHONY).
#  Implicit rule search has not been done.
#  File does not exist.
#  File has not been updated.
#  recipe to execute (from 'makefile', line 92):
	@mkdir -p "$(CURDIR)/docs/_build/html"
	@echo "[INFO] Build docs Sphinx"
	@poetry run sphinx-build -b html "$(CURDIR)/docs" "$(CURDIR)/docs/_build/html" || { \
		if [ "$(STRICT)" = "1" ]; then \
			echo "[ERR ] Echec build docs"; exit 1; \
		else \
			echo "[WARN] Echec ignoré (STRICT=0): build docs"; \
		fi; \
	}
	@echo "[INFO] Documentation HTML: $(CURDIR)/docs/_build/html/index.html"

start:
#  Phony target (prerequisite of .PHONY).
#  Implicit rule search has not been done.
#  File does not exist.
#  File has not been updated.
#  recipe to execute (from 'makefile', line 245):
	@./script/cmd.sh start

lint-fix:
#  Implicit rule search has not been done.
#  Modification time never checked.
#  File has not been updated.
#  recipe to execute (from 'makefile', line 936):
	@echo "🔧 Correction automatique du code (mode SAFE)..."
	@echo "📋 1. Correction autopep8 (lignes longues, espaces)..."
	@poetry run autopep8 --in-place --recursive --exclude=alembic,static,__pycache__ .
	@echo "📋 2. Tri des imports avec isort..."
	@poetry run isort . --skip=alembic --skip=static --skip=__pycache__
	@echo "📋 3. Formatage avec black..."
	@poetry run black . --exclude="(alembic|static|__pycache__)"
	@echo "📋 4. Suppression CONSERVATIVE des variables inutiles (préserve imports)..."
	@poetry run autoflake --in-place --recursive --remove-unused-variables --ignore-init-module-imports --exclude=alembic,static,__pycache__ .
	@echo "✅ Correction automatique terminée (imports préservés)!"

testing:
#  Implicit rule search has not been done.
#  Modification time never checked.
#  File has not been updated.
#  recipe to execute (from 'makefile', line 228):
	@echo "📦 Installation pip sans cache..."
	@poetry run python -m uvicorn test:app --reload --host 0.0.0.0 --port 8082

run-dev:
#  Phony target (prerequisite of .PHONY).
#  Implicit rule search has not been done.
#  File does not exist.
#  File has not been updated.

logs-api:
#  Phony target (prerequisite of .PHONY).
#  Implicit rule search has not been done.
#  File does not exist.
#  File has not been updated.
#  recipe to execute (from 'makefile', line 343):
	@echo "🛣️  Logs des routes API..."
	@if [ -f "$(LOGS_FILE)" ]; then \
		grep -E "(routes|router|API|endpoint)" $(LOGS_FILE) | tail -50; \
	else \
		echo "⚠️  Fichier $(LOGS_FILE) introuvable"; \
	fi

pre-commit: pre-commit-run
#  Phony target (prerequisite of .PHONY).
#  Implicit rule search has not been done.
#  File does not exist.
#  File has not been updated.

logs-email:
#  Phony target (prerequisite of .PHONY).
#  Implicit rule search has not been done.
#  File does not exist.
#  File has not been updated.
#  recipe to execute (from 'makefile', line 367):
	@echo "📧 Logs des emails..."
	@if [ -f "$(LOGS_FILE)" ]; then \
		grep -E "(email|smtp|mail)" $(LOGS_FILE) | tail -50; \
	else \
		echo "⚠️  Fichier $(LOGS_FILE) introuvable"; \
	fi

benchmark:
#  Implicit rule search has not been done.
#  Modification time never checked.
#  File has not been updated.
#  recipe to execute (from 'makefile', line 995):
	@echo "⏱️  Exécution des benchmarks..."
	@poetry run pytest tests/benchmarks/test_kernel_benchmarks.py --benchmark-only --benchmark-group-by=group --benchmark-warmup=on

lint-check:
#  Implicit rule search has not been done.
#  Modification time never checked.
#  File has not been updated.
#  recipe to execute (from 'makefile', line 948):
	@echo "🔍 Vérification du code (mode CHECK)..."
	@echo "📋 1. Vérification black..."
	@poetry run black . --check --exclude="(alembic|static|__pycache__)"
	@echo "📋 2. Vérification isort..."
	@poetry run isort . --check-only --skip=alembic --skip=static --skip=__pycache__
	@echo "📋 3. Vérification flake8..."
	@poetry run flake8 .
	@echo "✅ Vérification terminée!"

pre-commit-run:
#  Implicit rule search has not been done.
#  Modification time never checked.
#  File has not been updated.
#  recipe to execute (from 'makefile', line 962):
	@echo "🚀 Lancement de pre-commit sur tous les fichiers..."
	@poetry run pre-commit run --all-files

build-fast:
#  Implicit rule search has not been done.
#  Modification time never checked.
#  File has not been updated.
#  recipe to execute (from 'makefile', line 929):
	@echo "⚡ BUILD RAPIDE"
	@echo "=============="
	@$(MAKE) clean
	@$(MAKE) install
	@echo "✅ Build rapide terminé!"

logs-plugins-status:
#  Implicit rule search has not been done.
#  Modification time never checked.
#  File has not been updated.
#  recipe to execute (from 'makefile', line 611):
	@echo "🔌 ÉTAT COMPLET DES PLUGINS"
	@echo "=========================="
	@echo ""
	@echo "🔧 CHARGEMENT DES PLUGINS:"
	@echo "-------------------------"
	@if [ -f "$(LOGS_FILE)" ]; then \
		grep -E "(Plugin.*chargé|plugin.*initialisé|Manager.*plugin)" $(LOGS_FILE) | tail -15; \
	fi
	@echo ""
	@echo "⚡ ACTIVITÉ DES PLUGINS:"
	@echo "----------------------"
	@if [ -f "$(LOGS_FILE)" ]; then \
		grep -E "(Plugin|plugin)" $(LOGS_FILE) | grep -E "(ajouté|supprimé|créé)" | tail -10; \
	fi
	@echo ""
	@echo "❌ ERREURS DE PLUGINS:"
	@echo "---------------------"
	@if [ -f "$(LOGS_FILE)" ]; then \
		grep -E "(ERROR.*plugin|ERROR.*Plugin)" $(LOGS_FILE) | tail -10; \
	fi

repaire-ng:
#  Phony target (prerequisite of .PHONY).
#  Implicit rule search has not been done.
#  File does not exist.
#  File has not been updated.
#  recipe to execute (from 'makefile', line 242):
	@./script/repaire_ng.sh

unlink:
#  Phony target (prerequisite of .PHONY).
#  Implicit rule search has not been done.
#  File does not exist.
#  File has not been updated.
#  recipe to execute (from 'makefile', line 177):
	@echo "🗑 Suppression du lien symbolique $(TO)/$(NAME)..."
	@if [ -L "$(TO)/$(NAME)" ]; then \
		rm "$(TO)/$(NAME)"; \
		echo "✅ Lien supprimé : $(TO)/$(NAME)"; \
	else \
		echo "⚠️ Aucun lien trouvé pour $(TO)/$(NAME)"; \
	fi

logs-info:
#  Phony target (prerequisite of .PHONY).
#  Implicit rule search has not been done.
#  File does not exist.
#  File has not been updated.
#  recipe to execute (from 'makefile', line 295):
	@echo "ℹ️  Logs INFO..."
	@if [ -f "$(LOGS_FILE)" ]; then \
		grep "INFO" $(LOGS_FILE) | tail -50; \
	else \
		echo "⚠️  Fichier $(LOGS_FILE) introuvable"; \
	fi

logs:
#  Phony target (prerequisite of .PHONY).
 
#  Implicit rule search has not been done.
#  File does not exist.
#  File has not been updated.
#  recipe to execute (from 'makefile', line 271):
	@echo "📋 Affichage de tous les logs..."
	@if [ -f "$(LOGS_FILE)" ]; then \
		tail -100 $(LOGS_FILE); \
	else \
		echo "⚠️  Fichier $(LOGS_FILE) introuvable"; \
	fi

logs-db:
#  Phony target (prerequisite of .PHONY).
#  Implicit rule search has not been done.
#  File does not exist.
#  File has not been updated.
#  recipe to execute (from 'makefile', line 335):
	@echo "🗃️  Logs de base de données..."
	@if [ -f "$(LOGS_FILE)" ]; then \
		grep -E "(database|session|CRUD|commit|rollback)" $(LOGS_FILE) | tail -50; \
	else \
		echo "⚠️  Fichier $(LOGS_FILE) introuvable"; \
	fi

logs-smart-filter:
#  Implicit rule search has not been done.
#  Modification time never checked.
#  File has not been updated.
#  recipe to execute (from 'makefile', line 734):
	@echo "🧠 FILTRE INTELLIGENT"
	@echo "===================="
	@echo ""
	@echo "🔍 Analyse automatique du contexte..."
	@if [ -f "$(LOGS_FILE)" ]; then \
		ERROR_COUNT=$$(grep -c 'ERROR' $(LOGS_FILE) || echo 0); \
		WARNING_COUNT=$$(grep -c 'WARNING' $(LOGS_FILE) || echo 0); \
		CRITICAL_COUNT=$$(grep -c 'CRITICAL' $(LOGS_FILE) || echo 0); \
		echo "📊 Erreurs: $$ERROR_COUNT | Warnings: $$WARNING_COUNT | Critiques: $$CRITICAL_COUNT"; \
		echo ""; \
		if [ $$CRITICAL_COUNT -gt 0 ]; then \
			echo "🚨 ALERTES CRITIQUES DÉTECTÉES!"; \
			echo "==============================="; \
			grep "CRITICAL" $(LOGS_FILE) | tail -10; \
		elif [ $$ERROR_COUNT -gt 10 ]; then \
			echo "❌ BEAUCOUP D'ERREURS DÉTECTÉES!"; \
			echo "==============================="; \
			grep "ERROR" $(LOGS_FILE) | tail -10; \
		elif [ $$WARNING_COUNT -gt 20 ]; then \
			echo "⚠️  NOMBREUX AVERTISSEMENTS!"; \
			echo "==========================="; \
			grep "WARNING" $(LOGS_FILE) | tail -10; \
		else \
			echo "✅ SYSTÈME STABLE - Logs récents:"; \
			echo "================================="; \
			tail -20 $(LOGS_FILE); \
		fi; \
	else \
		echo "⚠️  Fichier $(LOGS_FILE) introuvable"; \
	fi

add-plugin:
#  Phony target (prerequisite of .PHONY).
#  Implicit rule search has not been done.
#  File does not exist.
#  File has not been updated.
#  recipe to execute (from 'makefile', line 121):
	@if [ -z "$(PLUGIN_NAME)" ]; then \
		echo "❌ Erreur : veuillez fournir PLUGIN_NAME"; \
		echo "   Exemple : make add-plugin PLUGIN_NAME=presence"; \
		exit 1; \
	fi
	@if [ -z "$(PLUGIN_REPO)" ]; then \
		echo "⚠️ PLUGIN_REPO non défini, utilisation par défaut git@github.com:tonrepo/$(PLUGIN_NAME).git"; \
		export PLUGIN_REPO=git@github.com:tonrepo/$(PLUGIN_NAME).git; \
	fi
	@if [ ! -d "$(PLUGIN_DIR)" ]; then \
		echo "📥 Clonage du plugin $(PLUGIN_NAME) depuis $(PLUGIN_REPO)..."; \
		git clone "$(PLUGIN_REPO)" "$(PLUGIN_DIR)" || { echo "❌ Échec du clonage"; exit 1; }; \
	else \
		echo "⬆️ Mise à jour du plugin $(PLUGIN_NAME)..."; \
		cd "$(PLUGIN_DIR)" && git pull || { echo "❌ Échec de la mise à jour"; exit 1; }; \
	fi

logs-today:
#  Phony target (prerequisite of .PHONY).
#  Implicit rule search has not been done.
#  File does not exist.
#  File has not been updated.
#  recipe to execute (from 'makefile', line 415):
	@echo "📅 Logs d'aujourd'hui..."
	@if [ -f "$(LOGS_FILE)" ]; then \
		grep "$$(date '+%Y-%m-%d')" $(LOGS_FILE) | tail -50; \
	else \
		echo "⚠️  Fichier $(LOGS_FILE) introuvable"; \
	fi

poetry-ri:
#  Phony target (prerequisite of .PHONY).
#  Implicit rule search has not been done.
#  File does not exist.
#  File has not been updated.
#  recipe to execute (from 'makefile', line 257):
	@./script/restart_poetry.sh

logs-debug-session:
#  Implicit rule search has not been done.
#  Modification time never checked.
#  File has not been updated.
#  recipe to execute (from 'makefile', line 697):
	@echo "🔍 SESSION DE DEBUG INTERACTIVE"
	@echo "==============================="
	@echo ""
	@echo "📋 Choisissez votre analyse:"
	@echo "1. Erreurs récentes       → make logs-error"
	@echo "2. Problèmes d'auth       → make logs-security-audit"
	@echo "3. Performance            → make logs-performance-check"
	@echo "4. État des plugins       → make logs-plugins-status"
	@echo "5. Activité utilisateurs  → make logs-user-activity"
	@echo "6. Santé de la DB         → make logs-database-health"
	@echo "7. Rapport complet        → make logs-full-report"
	@echo "8. Logs en temps réel     → make logs-live"
	@echo ""
	@echo "💡 Exemple: make logs-security-audit"

logs-performance-check:
#  Implicit rule search has not been done.
#  Modification time never checked.
#  File has not been updated.
#  recipe to execute (from 'makefile', line 501):
	@echo "⚡ VÉRIFICATION DES PERFORMANCES"
	@echo "==============================="
	@echo ""
	@echo "⚠️  ALERTES DE PERFORMANCE:"
	@echo "--------------------------"
	@if [ -f "$(LOGS_FILE)" ]; then \
		grep -E "(lente|slow|timeout|performance|CPU|mémoire|memory)" $(LOGS_FILE) | tail -15; \
	fi
	@echo ""
	@echo "📋 ÉTAT DES TÂCHES:"
	@echo "------------------"
	@if [ -f "$(LOGS_FILE)" ]; then \
		grep -E "(task|TaskManager|thread|service)" $(LOGS_FILE) | tail -10; \
	fi
	@echo ""
	@echo "⏱️  TEMPS D'EXÉCUTION:"
	@echo "---------------------"
	@if [ -f "$(LOGS_FILE)" ]; then \
		grep -E "(exécuté en|ms|secondes)" $(LOGS_FILE) | tail -10; \
	fi

logs-critical:
#  Phony target (prerequisite of .PHONY).
#  Implicit rule search has not been done.
#  File does not exist.
#  File has not been updated.
#  recipe to execute (from 'makefile', line 319):
	@echo "🚨 Logs CRITICAL..."
	@if [ -f "$(LOGS_FILE)" ]; then \
		grep "CRITICAL" $(LOGS_FILE) | tail -50; \
	else \
		echo "⚠️  Fichier $(LOGS_FILE) introuvable"; \
	fi

clean:
#  Phony target (prerequisite of .PHONY).
#  Implicit rule search has not been done.
#  File does not exist.
#  File has not been updated.
#  recipe to execute (from 'makefile', line 190):
	@clear
	@echo "🧹 Nettoyage des fichiers inutiles..."
	@find . -type d -name "__pycache__" -exec rm -rf {} +
	@find . -type f \( -name "*.backup" -o -name "*.backup" \) -exec rm -f {} +
	@find . -type f \( -name "*.pyc" -o -name "*.pyo" \) -exec rm -f {} +

run-st:
#  Phony target (prerequisite of .PHONY).
#  Implicit rule search has not been done.
#  File does not exist.
#  File has not been updated.

logs-tasks:
#  Phony target (prerequisite of .PHONY).
#  Implicit rule search has not been done.
#  File does not exist.
#  File has not been updated.
#  recipe to execute (from 'makefile', line 359):
	@echo "📋 Logs des tâches..."
	@if [ -f "$(LOGS_FILE)" ]; then \
		grep -E "(task|TaskManager|thread|service)" $(LOGS_FILE) | tail -50; \
	else \
		echo "⚠️  Fichier $(LOGS_FILE) introuvable"; \
	fi

logs-auth:
#  Phony target (prerequisite of .PHONY).
#  Implicit rule search has not been done.
#  File does not exist.
#  File has not been updated.
#  recipe to execute (from 'makefile', line 327):
	@echo "🔐 Logs d'authentification..."
	@if [ -f "$(LOGS_FILE)" ]; then \
		grep -E "(auth|login|token|otp|session)" $(LOGS_FILE) | tail -50; \
	else \
		echo "⚠️  Fichier $(LOGS_FILE) introuvable"; \
	fi

auto-env:
#  Phony target (prerequisite of .PHONY).
#  Implicit rule search has not been done.
#  File does not exist.
#  File has not been updated.

auto-fix:
#  Implicit rule search has not been done.
#  Modification time never checked.
#  File has not been updated.
#  recipe to execute (from 'makefile', line 972):
	@$(MAKE) lint-fix

stop:
#  Phony target (prerequisite of .PHONY).
#  Implicit rule search has not been done.
#  File does not exist.
#  File has not been updated.
#  recipe to execute (from 'makefile', line 248):
	@./script/cmd.sh stop
 

logs-last-hour:
#  Phony target (prerequisite of .PHONY).
#  Implicit rule search has not been done.
#  File does not exist.
#  File has not been updated.
#  recipe to execute (from 'makefile', line 423):
	@echo "🕐 Logs de la dernière heure..."
	@if [ -f "$(LOGS_FILE)" ]; then \
		awk -v hour="$$(date -d '1 hour ago' '+%Y-%m-%d %H')" '$$0 >= hour' $(LOGS_FILE) | tail -50; \
	else \
		echo "⚠️  Fichier $(LOGS_FILE) introuvable"; \
	fi

logs-live:
#  Phony target (prerequisite of .PHONY).
#  Implicit rule search has not been done.
#  File does not exist.
#  File has not been updated.
#  recipe to execute (from 'makefile', line 279):
	@echo "🔴 Logs en temps réel (Ctrl+C pour arrêter)..."
	@if [ -f "$(LOGS_FILE)" ]; then \
		tail -f $(LOGS_FILE); \
	else \
		echo "⚠️  Fichier $(LOGS_FILE) introuvable"; \
	fi

logs-troubleshoot:
#  Implicit rule search has not been done.
#  Modification time never checked.
#  File has not been updated.
#  recipe to execute (from 'makefile', line 669):
	@echo "🔧 GUIDE DE DÉPANNAGE AUTOMATIQUE"
	@echo "================================="
	@echo ""
	@echo "📊 1. STATISTIQUES GÉNÉRALES:"
	@$(MAKE) logs-stats
	@echo ""
	@echo "❌ 2. ERREURS RÉCENTES (5 dernières):"
	@if [ -f "$(LOGS_FILE)" ]; then \
		grep "ERROR" $(LOGS_FILE) | tail -5; \
	fi
	@echo ""
	@echo "⚠️  3. WARNINGS RÉCENTS (5 derniers):"
	@if [ -f "$(LOGS_FILE)" ]; then \
		grep "WARNING" $(LOGS_FILE) | tail -5; \
	fi
	@echo ""
	@echo "🔍 4. MODULES LES PLUS ACTIFS:"
	@if [ -f "$(LOGS_FILE)" ]; then \
		cut -d'-' -f3 $(LOGS_FILE) | sort | uniq -c | sort -nr | head -5; \
	fi
	@echo ""
	@echo "💡 SUGGESTIONS:"
	@echo "- Si beaucoup d'erreurs → make logs-error"
	@echo "- Si problème de connexion → make logs-auth"
	@echo "- Si lenteur → make logs-performance-check"
	@echo "- Si problème plugin → make logs-plugins-status"

pip-Noa:
#  Phony target (prerequisite of .PHONY).
#  Implicit rule search has not been done.
#  File does not exist.
#  File has not been updated.

auto-all: auto-setup auto-tests auto-security auto-docs
#  Phony target (prerequisite of .PHONY).
#  Implicit rule search has not been done.
#  File does not exist.
#  File has not been updated.

logs-clean:
#  Phony target (prerequisite of .PHONY).
#  Implicit rule search has not been done.
#  File does not exist.
#  File has not been updated.
#  recipe to execute (from 'makefile', line 375):
	@echo "🧹 Nettoyage du fichier de logs..."
	@if [ -f "$(LOGS_FILE)" ]; then \
		echo "📁 Sauvegarde de $(LOGS_FILE) vers $(LOGS_FILE).old"; \
		cp $(LOGS_FILE) $(LOGS_FILE).old; \
		echo "" > $(LOGS_FILE); \
		echo "✅ Fichier $(LOGS_FILE) nettoyé (sauvegarde dans $(LOGS_FILE).old)"; \
	else \
		echo "⚠️  Fichier $(LOGS_FILE) introuvable"; \
	fi

remove-app:
#  Phony target (prerequisite of .PHONY).
#  Implicit rule search has not been done.
#  File does not exist.
#  File has not been updated.
#  recipe to execute (from 'makefile', line 239):
	@./script/uninstall.sh

logs-alerts:
#  Implicit rule search has not been done.
#  Modification time never checked.
#  File has not been updated.
#  recipe to execute (from 'makefile', line 858):
	@echo "🚨 SYSTÈME D'ALERTES AUTOMATIQUES"
	@echo "================================="
	@echo ""
	@if [ -f "$(LOGS_FILE)" ]; then \
		echo "🔍 Analyse des patterns dangereux..."; \
		echo ""; \
		\
		FAILED_LOGINS=$$(grep -c "Échec de connexion\|Invalid credentials" $(LOGS_FILE) || echo 0); \
		if [ $$FAILED_LOGINS -gt 3 ]; then \
			echo "🚨 ALERTE: $$FAILED_LOGINS tentatives de connexion échouées!"; \
		fi; \
		\
		SMTP_ERRORS=$$(grep -c "ERROR.*SMTP\|ERROR.*email" $(LOGS_FILE) || echo 0); \
		if [ $$SMTP_ERRORS -gt 0 ]; then \
			echo "📧 ALERTE: $$SMTP_ERRORS erreurs d'email détectées!"; \
		fi; \
		\
		DB_ERRORS=$$(grep -c "ERROR.*database\|ERROR.*DB" $(LOGS_FILE) || echo 0); \
		if [ $$DB_ERRORS -gt 0 ]; then \
			echo "🗃️  ALERTE: $$DB_ERRORS erreurs de base de données!"; \
		fi; \
		\
		RECENT_ERRORS=$$(grep "ERROR" $(LOGS_FILE) | tail -10 | wc -l); \
		if [ $$RECENT_ERRORS -gt 5 ]; then \
			echo "⚡ ALERTE: Pic d'erreurs récent ($$RECENT_ERRORS erreurs récentes)!"; \
		fi; \
		\
		PLUGIN_ERRORS=$$(grep -c "ERROR.*plugin\|ERROR.*Plugin" $(LOGS_FILE) || echo 0); \
		if [ $$PLUGIN_ERRORS -gt 0 ]; then \
			echo "🔌 ALERTE: $$PLUGIN_ERRORS erreurs de plugins!"; \
		fi; \
		\
		if [ $$FAILED_LOGINS -eq 0 ] && [ $$SMTP_ERRORS -eq 0 ] && [ $$DB_ERRORS -eq 0 ] && [ $$RECENT_ERRORS -lt 5 ] && [ $$PLUGIN_ERRORS -eq 0 ]; then \
			echo "✅ Aucune alerte détectée - Système stable"; \
		fi; \
	else \
		echo "⚠️  Fichier $(LOGS_FILE) introuvable"; \
	fi

logs-test:
#  Phony target (prerequisite of .PHONY).
#  Implicit rule search has not been done.
#  File does not exist.
#  File has not been updated.
#  recipe to execute (from 'makefile', line 432):
	@echo "🧪 Génération de logs de test..."
	@python3 generate_test_logs.py

logs-error:
#  Phony target (prerequisite of .PHONY).
#  Implicit rule search has not been done.
#  File does not exist.
#  File has not been updated.
#  recipe to execute (from 'makefile', line 311):
	@echo "❌ Logs ERROR..."
	@if [ -f "$(LOGS_FILE)" ]; then \
		grep "ERROR" $(LOGS_FILE) | tail -50; \
	else \
		echo "⚠️  Fichier $(LOGS_FILE) introuvable"; \
	fi

logs-full-report:
#  Implicit rule search has not been done.
#  Modification time never checked.
#  File has not been updated.
#  recipe to execute (from 'makefile', line 655):
	@echo "📋 RAPPORT COMPLET DU SYSTÈME"
	@echo "============================="
	@echo ""
	@$(MAKE) logs-stats
	@echo ""
	@echo "🚨 PROBLÈMES DÉTECTÉS:"
	@echo "====================="
	@$(MAKE) logs-errors-and-warnings
	@echo ""
	@echo "🛡️  AUDIT SÉCURITÉ:"
	@echo "=================="
	@$(MAKE) logs-security-audit

# Not a target:
.DEFAULT:
#  Implicit rule search has not been done.
#  Modification time never checked.
#  File has not been updated.

dev:
#  Implicit rule search has not been done.
#  Modification time never checked.
#  File has not been updated.
#  recipe to execute (from 'makefile', line 218):
	@echo "🚀 Lancement en mode développement..."
	@$(MAKE) clean
	@poetry run python -m uvicorn main:app --reload --host 0.0.0.0 --port 8000

logs-health-check:
#  Implicit rule search has not been done.
#  Modification time never checked.
#  File has not been updated.
#  recipe to execute (from 'makefile', line 786):
	@echo "🏥 CHECK-UP SANTÉ DU SYSTÈME - VERSION PRO"
	@echo "========================================"
	@echo ""
	@if [ -f "$(LOGS_FILE)" ]; then \
		TOTAL_LINES=$$(wc -l < $(LOGS_FILE)); \
		ERROR_COUNT=$$(grep -c 'ERROR' $(LOGS_FILE) || echo 0); \
		WARNING_COUNT=$$(grep -c 'WARNING' $(LOGS_FILE) || echo 0); \
		CRITICAL_COUNT=$$(grep -c 'CRITICAL' $(LOGS_FILE) || echo 0); \
		INFO_COUNT=$$(grep -c 'INFO' $(LOGS_FILE) || echo 0); \
		\
		ERROR_THRESHOLD=5; \
		WARNING_THRESHOLD=10; \
		\
		echo "📊 MÉTRIQUES GLOBALES:"; \
		echo "---------------------"; \
		echo "📋 Total logs: $$TOTAL_LINES"; \
		echo "ℹ️  Info: $$INFO_COUNT"; \
		echo "⚠️  Warnings: $$WARNING_COUNT"; \
		echo "❌ Erreurs: $$ERROR_COUNT"; \
		echo "🚨 Critiques: $$CRITICAL_COUNT"; \
		\
		if [ $$CRITICAL_COUNT -gt 0 ]; then \
			echo -e "\033[1;41m🚨 ÉTAT: CRITIQUE\033[0m"; \
		elif [ $$ERROR_COUNT -gt $$ERROR_THRESHOLD ]; then \
			echo -e "\033[1;33m❌ ÉTAT: PROBLÉMATIQUE\033[0m"; \
		elif [ $$WARNING_COUNT -gt $$WARNING_THRESHOLD ]; then \
			echo -e "\033[1;33m⚠️  ÉTAT: ATTENTION REQUISE\033[0m"; \
		else \
			echo -e "\033[1;32m✅ ÉTAT: SAIN\033[0m"; \
		fi; \
		echo ""; \
		\
		echo "🔧 ACTIVITÉ PAR MODULE:"; \
		echo "---------------------"; \
		printf "%-20s %-10s %-10s %-10s\n" "MODULE" "TOTAL" "ERROR" "WARNING"; \
		awk -F ' - ' '{modules[$$2]++; if($$3=="ERROR") e[$$2]++; if($$3=="WARNING") w[$$2]++} \
			END {for (m in modules) printf "%-20s %-10d %-10d %-10d\n", m, modules[m], e[m]+0, w[m]+0}' $(LOGS_FILE) \
			| sort -k2 -nr; \
		\
		echo ""; \
		echo "🕐 DERNIÈRE ACTIVITÉ:"; \
		echo "--------------------"; \
		tail -5 $(LOGS_FILE); \
	else \
		echo "⚠️  Fichier $(LOGS_FILE) introuvable"; \
	fi

auto-security:
#  Phony target (prerequisite of .PHONY).
#  Implicit rule search has not been done.
#  File does not exist.
#  File has not been updated.
#  recipe to execute (from 'makefile', line 63):
	@mkdir -p "$(REPORT_DIR)"
	@echo "[INFO] Audit sécurité Bandit (JSON)"
	@poetry run bandit -r "$(CURDIR)/xcore" -f json -o "$(REPORT_DIR)/security-bandit.json" 2> "$(REPORT_DIR)/security-bandit.stderr.log" || { \
		if grep -q "ast' has no attribute 'Num'" "$(REPORT_DIR)/security-bandit.stderr.log"; then \
			echo "[WARN] Bandit a crashé (incompatibilité ast.Num)"; \
 
			echo '{"status":"failed","reason":"Bandit internal error: ast.Num incompatibility","tool":"bandit"}' > "$(REPORT_DIR)/security-bandit.json"; \
			echo "Bandit failed due to internal compatibility error (ast.Num)." > "$(REPORT_DIR)/security-bandit.txt"; \
			exit 0; \
		fi; \
		if [ "$(STRICT)" = "1" ]; then \
			echo "[ERR ] Echec audit Bandit JSON"; exit 1; \
		else \
			echo "[WARN] Echec ignoré (STRICT=0): audit Bandit JSON"; \
		fi; \
	}
	@echo "[INFO] Audit sécurité Bandit (TXT)"
	@poetry run bandit -r "$(CURDIR)/xcore" -f txt -o "$(REPORT_DIR)/security-bandit.txt" 2>> "$(REPORT_DIR)/security-bandit.stderr.log" || { \
		if [ "$(STRICT)" = "1" ]; then \
			echo "[ERR ] Echec audit Bandit TXT"; exit 1; \
		else \
			echo "[WARN] Echec ignoré (STRICT=0): audit Bandit TXT"; \
		fi; \
	}
	@echo "[INFO] Rapports sécurité:"
	@echo "[INFO] - $(REPORT_DIR)/security-bandit.json"
	@echo "[INFO] - $(REPORT_DIR)/security-bandit.txt"
	@echo "[INFO] - $(REPORT_DIR)/security-bandit.stderr.log"

init:
#  Phony target (prerequisite of .PHONY).
#  Implicit rule search has not been done.
#  File does not exist.
#  File has not been updated.
#  recipe to execute (from 'makefile', line 205):
	@chmod +x ./script/uninstall.sh
	@chmod +x ./script/install.sh
	@chmod +x ./script/cmd.sh
	@chmod +x ./script/repaire_ng.sh
	@chmod +x ./script/restart_poetry.sh
	$(MAKE) install
	$(MAKE) run-dev

# Not a target:
all:
#  Command line target.
#  Implicit rule search has been done.
#  File does not exist.
#  File has not been updated.

link:
#  Phony target (prerequisite of .PHONY).
#  Implicit rule search has not been done.
#  File does not exist.
#  File has not been updated.
#  recipe to execute (from 'makefile', line 157):
	@if [ -z "$(FROM)" ] || [ -z "$(TO)" ] || [ -z "$(NAME)" ]; then \
		echo "❌ Erreur : il faut fournir FROM, TO et NAME"; \
		echo "   Exemple : make link FROM=./plugins/presence/task/presence_task.py TO=./backgroundtask NAME=presence.py"; \
		exit 1; \
	fi
	@if [ ! -f "$(FROM)" ]; then \
		echo "❌ Fichier source '$(FROM)' introuvable."; \
		exit 1; \
	fi
	@echo "🔗 Création du lien symbolique $(TO)/$(NAME) vers $(FROM)..."
	@if [ ! -d "$(TO)" ]; then \
		echo "📂 Création du dossier $(TO)"; \
		mkdir -p "$(TO)"; \
	fi
	@ln -sf "$(PROJECT_PATH)/$(FROM)" "$(TO)/$(NAME)"
	@echo "✅ Liens créés :"
	@echo "   $(TO)/$(NAME)"

help:
#  Phony target (prerequisite of .PHONY).
#  Implicit rule search has not been done.
#  File does not exist.
#  File has not been updated.
#  recipe to execute (from 'makefile', line 25):
	@echo "📚 Liste des commandes disponibles :"
	@grep -E '^[a-zA-Z0-9_-]+:.*?## .*$$' $(MAKEFILE_LIST) \
		| sort \
		| awk 'BEGIN {FS = ":.*?## "}; {printf "  \033[36m%-15s\033[0m %s\n", $$1, $$2}'

logs-plugins:
#  Phony target (prerequisite of .PHONY).
#  Implicit rule search has not been done.
#  File does not exist.
#  File has not been updated.
#  recipe to execute (from 'makefile', line 351):
	@echo "🔌 Logs des plugins..."
	@if [ -f "$(LOGS_FILE)" ]; then \
		grep -E "(plugin|Plugin)" $(LOGS_FILE) | tail -50; \
	else \
		echo "⚠️  Fichier $(LOGS_FILE) introuvable"; \
	fi

st:
#  Implicit rule search has not been done.
#  Modification time never checked.
#  File has not been updated.
#  recipe to execute (from 'makefile', line 223):
	@echo "🚀 Lancement en mode statique..."
	@$(MAKE) clean
	@poetry run python -m uvicorn main:app --host 0.0.0.0 --port 8000

logs-timeline:
#  Implicit rule search has not been done.
#  Modification time never checked.
#  File has not been updated.
#  recipe to execute (from 'makefile', line 766):
	@echo "📅 TIMELINE DES ÉVÉNEMENTS"
	@echo "=========================="
	@echo ""
	@if [ -f "$(LOGS_FILE)" ]; then \
		echo "🕐 DERNIERS ÉVÉNEMENTS CRITIQUES:"; \
		echo "---------------------------------"; \
		grep -E "(CRITICAL|ERROR|Démarrage|Arrêt|startup|shutdown)" $(LOGS_FILE) | tail -15; \
		echo ""; \
		echo "🔐 DERNIÈRES CONNEXIONS:"; \
		echo "------------------------"; \
		grep -E "(connexion|login|logout)" $(LOGS_FILE) | tail -10; \
		echo ""; \
		echo "🔌 DERNIÈRES ACTIVITÉS PLUGINS:"; \
		echo "-------------------------------"; \
		grep -E "(Plugin.*ajouté|plugin.*chargé)" $(LOGS_FILE) | tail -5; \
	else \
		echo "⚠️  Fichier $(LOGS_FILE) introuvable"; \
	fi

restart:
#  Phony target (prerequisite of .PHONY).
#  Implicit rule search has not been done.
#  File does not exist.
#  File has not been updated.
#  recipe to execute (from 'makefile', line 251):
	@./script/cmd.sh restart

build:
#  Implicit rule search has not been done.
#  Modification time never checked.
#  File has not been updated.
#  recipe to execute (from 'makefile', line 898):
	@echo "🏗️  CONSTRUCTION DU PROJET"
	@echo "==========================="
	@echo ""
	@echo "🧹 1. Nettoyage des fichiers compilés..."
	@$(MAKE) clean
	@echo ""
	@echo "📦 2. Installation des dépendances..."
	@$(MAKE) install
	@echo ""
	@echo "🔧 3. Correction automatique du code..."
	@$(MAKE) lint-fix
	@echo ""
	@echo "✅ Build terminé avec succès!"

logs-security-audit:
#  Implicit rule search has not been done.
#  Modification time never checked.
#  File has not been updated.
#  recipe to execute (from 'makefile', line 479):
	@echo "🛡️  AUDIT DE SÉCURITÉ COMPLET"
	@echo "=============================="
	@echo ""
	@echo "🔐 AUTHENTIFICATION:"
	@echo "-------------------"
	@if [ -f "$(LOGS_FILE)" ]; then \
		grep -E "(auth|login|token|otp|session)" $(LOGS_FILE) | tail -15; \
	fi
	@echo ""
	@echo "❌ ERREURS DE SÉCURITÉ:"
	@echo "----------------------"
	@if [ -f "$(LOGS_FILE)" ]; then \
		grep -E "(ERROR.*auth|ERROR.*login|ERROR.*token)" $(LOGS_FILE) | tail -10; \
	fi
	@echo ""
	@echo "⚠️  TENTATIVES SUSPECTES:"
	@echo "------------------------"
	@if [ -f "$(LOGS_FILE)" ]; then \
		grep -E "(WARNING.*auth|WARNING.*login|Échec|échec|Invalid|invalid)" $(LOGS_FILE) | tail -10; \
	fi

test:
#  Implicit rule search has not been done.
#  Modification time never checked.
#  File has not been updated.
#  recipe to execute (from 'makefile', line 986):
	@echo "🧪 Exécution des tests..."
	@if [ -d "tests" ]; then \
		poetry run pytest tests/ --cov --cov-branch --cov=src --cov-report=xml; \
	else \
		echo "⚠️  Dossier tests/ non trouvé"; \
		echo "💡 Créez des tests pour améliorer la qualité"; \
		fi

logs-comparison:
#  Implicit rule search has not been done.
#  Modification time never checked.
#  File has not been updated.
#  recipe to execute (from 'makefile', line 834):
	@echo "🔄 COMPARAISON DES LOGS"
	@echo "======================"
	@echo ""
	@if [ -f "$(LOGS_FILE).old" ] && [ -f "$(LOGS_FILE)" ]; then \
		OLD_LINES=$$(wc -l < $(LOGS_FILE).old); \
		NEW_LINES=$$(wc -l < $(LOGS_FILE)); \
		DIFF_LINES=$$((NEW_LINES - OLD_LINES)); \
		echo "📊 Anciennes logs: $$OLD_LINES lignes"; \
		echo "📊 Nouvelles logs: $$NEW_LINES lignes"; \
		echo "📈 Différence: $$DIFF_LINES nouvelles lignes"; \
		echo ""; \
		if [ $$DIFF_LINES -gt 0 ]; then \
			echo "🆕 NOUVELLES ENTRÉES:"; \
			echo "--------------------"; \
			tail -n $$DIFF_LINES $(LOGS_FILE); \
		else \
			echo "ℹ️  Aucune nouvelle entrée depuis la dernière sauvegarde"; \
		fi; \
	else \
		echo "⚠️  Fichiers de comparaison non disponibles"; \
		echo "💡 Utilisez 'make logs-clean' pour créer $(LOGS_FILE).old"; \
	fi

logs-errors-and-warnings:
#  Implicit rule search has not been done.
#  Modification time never checked.
#  File has not been updated.
#  recipe to execute (from 'makefile', line 457):
	@echo "🚨 Analyse complète : ERREURS + AVERTISSEMENTS"
	@echo "=================================================="
	@echo ""
	@echo "❌ ERREURS RÉCENTES:"
	@echo "-------------------"
	@if [ -f "$(LOGS_FILE)" ]; then \
		grep "ERROR" $(LOGS_FILE) | tail -20; \
	fi
	@echo ""
	@echo "⚠️  AVERTISSEMENTS RÉCENTS:"
	@echo "-------------------------"
	@if [ -f "$(LOGS_FILE)" ]; then \
		grep "WARNING" $(LOGS_FILE) | tail -20; \
	fi
	@echo ""
	@echo "📊 RÉSUMÉ:"
 
	@if [ -f "$(LOGS_FILE)" ]; then \
		echo "❌ Total erreurs: $$(grep -c 'ERROR' $(LOGS_FILE) || echo 0)"; \
		echo "⚠️  Total warnings: $$(grep -c 'WARNING' $(LOGS_FILE) || echo 0)"; \
	fi

rm-plugin:
#  Implicit rule search has not been done.
#  Modification time never checked.
#  File has not been updated.
#  recipe to execute (from 'makefile', line 139):
	@if [ -z "$(PLUGIN_NAME)" ]; then \
		echo "❌ Erreur : veuillez fournir PLUGIN_NAME"; \
		echo "   Exemple : make rm-plugin PLUGIN_NAME=presence"; \
		exit 1; \
	fi
	@if [ ! -d "$(PLUGIN_DIR)" ]; then \
		echo "⚠️  Plugin $(PLUGIN_NAME) introuvable"; \
	else \
		echo "🗑 Suppression du plugin $(PLUGIN_NAME)..."; \
		rm -rf "$(PLUGIN_DIR)" || { echo "❌ Échec de la suppression"; exit 1; }; \
		echo "✅ Plugin $(PLUGIN_NAME) supprimé"; \
	fi

lint-preview:
#  Implicit rule search has not been done.
#  Modification time never checked.
#  File has not been updated.
#  recipe to execute (from 'makefile', line 975):
	@echo "👀 Prévisualisation des corrections autopep8:"
	@poetry run autopep8 --diff --recursive --exclude=alembic,static,__pycache__ . | head -50
	@echo ""
	@echo "👀 Prévisualisation du formatage black:"
	@poetry run black --diff . --exclude="(alembic|static|__pycache__)" | head -30

pre-commit-install:
#  Implicit rule search has not been done.
#  Modification time never checked.
#  File has not been updated.
#  recipe to execute (from 'makefile', line 958):
	@echo "📥 Installation des hooks pre-commit..."
	@poetry run pre-commit install

# Not a target:
makefile:
#  Implicit rule search has been done.
#  File is secondary (prerequisite of .SECONDARY).
#  Last modified 2026-05-18 14:38:51.698148241
#  File has been updated.
#  Successfully updated.

install:
#  Phony target (prerequisite of .PHONY).
#  Implicit rule search has not been done.
#  File does not exist.
#  File has not been updated.
#  recipe to execute (from 'makefile', line 201):
	@poetry lock
	@poetry install

lint-safe:
#  Implicit rule search has not been done.
#  Modification time never checked.
#  File has not been updated.
#  recipe to execute (from 'makefile', line 982):
	@echo "🔍 Vérification du code (compatible FastHTML)..."
	@poetry run flake8 .

autobuild-ast:
#  Implicit rule search has not been done.
#  Modification time never checked.
#  File has not been updated.
#  recipe to execute (from 'makefile', line 39):
	@echo "[INFO] Mode automation: poetry run"
	cd xcore/kernel/security/ && poetry run python setup.py build_ext --inplace

security-check:
#  Implicit rule search has not been done.
#  Modification time never checked.
#  File has not been updated.
#  recipe to execute (from 'makefile', line 999):
	@echo "🔒 Vérification de sécurité..."
	@echo "✅ Vérification .env (ne pas commiter)"
	@if git ls-files | grep -q "\.env$$"; then \
		echo "❌ ATTENTION: .env est tracké par git!"; \
	else \
		echo "✅ .env correctement ignoré"; \
	fi
	@echo "✅ Vérification des mots de passe hardcodés..."
	@if grep -r "password\s*=\s*[\"'][^\"']*[\"']" . --exclude-dir=.git --exclude-dir=static --exclude-dir=__pycache__ 2>/dev/null; then \
		echo "❌ ATTENTION: Mots de passe potentiels trouvés!"; \
	else \
		echo "✅ Aucun mot de passe hardcodé détecté"; \
	fi
	@echo "✅ VALIDATION DU PROJET"
	@echo "====================="
	@echo ""
	@echo "🔍 1. Syntaxe Python..."
	@poetry run python -m py_compile main.py
	@echo ""
	@echo "📦 2. Dépendances..."
	@poetry check
	@echo ""
	@echo "🔧 3. Configuration..."
	@if [ -f ".env" ]; then \
		echo "✅ Fichier .env présent"; \
	else \
		echo "⚠️  Fichier .env manquant"; \
	fi
	@echo ""
	@echo "✅ Validation terminée!"
	@echo "🧹 Nettoyage Docker..."
	@sudo docker compose down -v
	@sudo docker system prune -f

logs-database-health:
#  Implicit rule search has not been done.
#  Modification time never checked.
#  File has not been updated.
#  recipe to execute (from 'makefile', line 589):
	@echo "🗃️  SANTÉ DE LA BASE DE DONNÉES"
	@echo "==============================="
	@echo ""
	@echo "🔗 CONNEXIONS:"
	@echo "-------------"
	@if [ -f "$(LOGS_FILE)" ]; then \
		grep -E "(database.*établie|Session.*créée|DB)" $(LOGS_FILE) | tail -10; \
	fi
	@echo ""
	@echo "💾 TRANSACTIONS:"
	@echo "---------------"
	@if [ -f "$(LOGS_FILE)" ]; then \
		grep -E "(commit|rollback|transaction)" $(LOGS_FILE) | tail -15; \
	fi
	@echo ""
	@echo "❌ ERREURS DE BASE:"
	@echo "------------------"
	@if [ -f "$(LOGS_FILE)" ]; then \
		grep -E "(ERROR.*database|ERROR.*DB|ERROR.*SQL)" $(LOGS_FILE) | tail -10; \
	fi

logs-watch-errors:
#  Implicit rule search has not been done.
#  Modification time never checked.
#  File has not been updated.
#  recipe to execute (from 'makefile', line 713):
	@echo "👀 SURVEILLANCE CONTINUE DES ERREURS"
	@echo "====================================="
	@echo "🔄 Mise à jour toutes les 10 secondes (Ctrl+C pour arrêter)"
	@echo ""
	@while true; do \
		clear; \
		echo "🕐 $$(date '+%H:%M:%S') - Surveillance des erreurs"; \
		echo "=========================================="; \
		if [ -f "$(LOGS_FILE)" ]; then \
			echo "❌ ERREURS ($$(grep -c 'ERROR' $(LOGS_FILE) || echo 0)):"; \
			grep "ERROR" $(LOGS_FILE) | tail -5 || echo "Aucune erreur"; \
			echo ""; \
			echo "⚠️  WARNINGS ($$(grep -c 'WARNING' $(LOGS_FILE) || echo 0)):"; \
			grep "WARNING" $(LOGS_FILE) | tail -3 || echo "Aucun warning"; \
		else \
			echo "⚠️  Fichier $(LOGS_FILE) introuvable"; \
		fi; \
		sleep 10; \
	done

build-prod:
#  Implicit rule search has not been done.
#  Modification time never checked.
#  File has not been updated.
#  recipe to execute (from 'makefile', line 913):
	@echo "🚀 BUILD PRODUCTION"
	@echo "=================="
	@echo ""
	@$(MAKE) build
	@echo ""
	@echo "🧪 5. Exécution des tests..."
	@$(MAKE) test
	@echo ""
	@echo "🔒 6. Validation sécurité..."
	@$(MAKE) security-check
	@echo ""
	@poetry build --no-cache
	@echo "🎉 Build production prêt!"

auto-setup:
#  Phony target (prerequisite of .PHONY).
#  Implicit rule search has not been done.
#  File does not exist.
#  File has not been updated.
#  recipe to execute (from 'makefile', line 43):
	@echo "[INFO] Installation dépendances (dev + docs)"
	@poetry install --with dev,docs || { \
		if [ "$(STRICT)" = "1" ]; then \
			echo "[ERR ] Echec auto-setup"; exit 1; \
		else \
			echo "[WARN] Echec ignoré (STRICT=0): auto-setup"; \
		fi; \
	}

status:
#  Phony target (prerequisite of .PHONY).
#  Implicit rule search has not been done.
#  File does not exist.
#  File has not been updated.
#  recipe to execute (from 'makefile', line 254):
	@./script/cmd.sh status

logs-warning:
#  Phony target (prerequisite of .PHONY).
#  Implicit rule search has not been done.
 
#  File does not exist.
#  File has not been updated.
#  recipe to execute (from 'makefile', line 303):
	@echo "⚠️  Logs WARNING..."
	@if [ -f "$(LOGS_FILE)" ]; then \
		grep "WARNING" $(LOGS_FILE) | tail -50; \
	else \
		echo "⚠️  Fichier $(LOGS_FILE) introuvable"; \
	fi

logs-stats:
#  Phony target (prerequisite of .PHONY).
#  Implicit rule search has not been done.
#  File does not exist.
#  File has not been updated.
#  recipe to execute (from 'makefile', line 386):
	@echo "📊 Statistiques des logs..."
	@if [ -f "$(LOGS_FILE)" ]; then \
		echo "📋 Nombre total de lignes: $$(wc -l < $(LOGS_FILE))"; \
		echo "🔍 DEBUG: $$(grep -c 'DEBUG' $(LOGS_FILE) || echo 0)"; \
		echo "ℹ️  INFO: $$(grep -c 'INFO' $(LOGS_FILE) || echo 0)"; \
		echo "⚠️  WARNING: $$(grep -c 'WARNING' $(LOGS_FILE) || echo 0)"; \
		echo "❌ ERROR: $$(grep -c 'ERROR' $(LOGS_FILE) || echo 0)"; \
		echo "🚨 CRITICAL: $$(grep -c 'CRITICAL' $(LOGS_FILE) || echo 0)"; \
		echo ""; \
		echo "🕐 Dernière entrée: $$(tail -1 $(LOGS_FILE) | cut -d' ' -f1-2 || echo 'N/A')"; \
		echo "📏 Taille du fichier: $$(du -h $(LOGS_FILE) | cut -f1)"; \
	else \
		echo "⚠️  Fichier $(LOGS_FILE) introuvable"; \
	fi

logs-user-activity:
#  Implicit rule search has not been done.
#  Modification time never checked.
#  File has not been updated.
#  recipe to execute (from 'makefile', line 545):
	@echo "👥 ACTIVITÉ DES UTILISATEURS"
	@echo "==========================="
	@echo ""
	@echo "🔐 CONNEXIONS:"
	@echo "-------------"
	@if [ -f "$(LOGS_FILE)" ]; then \
		grep -E "(Tentative de connexion|Connexion réussie|login)" $(LOGS_FILE) | tail -15; \
	fi
	@echo ""
	@echo "🚪 DÉCONNEXIONS:"
	@echo "---------------"
	@if [ -f "$(LOGS_FILE)" ]; then \
		grep -E "(Déconnexion|logout)" $(LOGS_FILE) | tail -10; \
	fi
	@echo ""
	@echo "📝 INSCRIPTIONS:"
	@echo "---------------"
	@if [ -f "$(LOGS_FILE)" ]; then \
		grep -E "(Inscription|register)" $(LOGS_FILE) | tail -10; \
	fi

.PHONY: help automate auto-all auto-env auto-setup auto-tests auto-security auto-docs add-plugin link unlink clean install init run-dev run-st pip-Noa deploy remove-app repaire-ng start stop restart status poetry-ri pre-commit logs logs-live logs-debug logs-info logs-warning logs-error logs-critical logs-auth logs-db logs-api logs-plugins logs-tasks logs-email logs-clean logs-stats logs-search logs-today logs-last-hour logs-test logs-demo
#  Implicit rule search has not been done.
#  Modification time never checked.
#  File has not been updated.

logs-startup-analysis:
#  Implicit rule search has not been done.
#  Modification time never checked.
#  File has not been updated.
#  recipe to execute (from 'makefile', line 523):
	@echo "🚀 ANALYSE DU DÉMARRAGE"
	@echo "======================"
	@echo ""
	@echo "🔧 INITIALISATION:"
	@echo "-----------------"
	@if [ -f "$(LOGS_FILE)" ]; then \
		grep -E "(Démarrage|initialisé|chargé|startup)" $(LOGS_FILE) | tail -20; \
	fi
	@echo ""
	@echo "❌ ERREURS AU DÉMARRAGE:"
	@echo "-----------------------"
	@if [ -f "$(LOGS_FILE)" ]; then \
		grep -E "(ERROR.*init|ERROR.*startup|ERROR.*Démarrage)" $(LOGS_FILE) | tail -10; \
	fi
	@echo ""
	@echo "🔌 CHARGEMENT DES PLUGINS:"
	@echo "-------------------------"
	@if [ -f "$(LOGS_FILE)" ]; then \
		grep -E "(Plugin.*chargé|plugin.*initialisé)" $(LOGS_FILE) | tail -10; \
	fi

logs-email-monitoring:
#  Implicit rule search has not been done.
#  Modification time never checked.
#  File has not been updated.
#  recipe to execute (from 'makefile', line 633):
	@echo "📧 MONITORING DES EMAILS"
	@echo "======================="
	@echo ""
	@echo "📮 ENVOIS D'EMAILS:"
	@echo "------------------"
	@if [ -f "$(LOGS_FILE)" ]; then \
		grep -E "(Envoi d'email|email.*envoyé|email.*succès)" $(LOGS_FILE) | tail -15; \
	fi
	@echo ""
	@echo "🔧 CONNEXIONS SMTP:"
	@echo "------------------"
	@if [ -f "$(LOGS_FILE)" ]; then \
		grep -E "(SMTP|smtp)" $(LOGS_FILE) | tail -10; \
	fi
	@echo ""
	@echo "❌ ERREURS D'EMAIL:"
	@echo "------------------"
	@if [ -f "$(LOGS_FILE)" ]; then \
		grep -E "(ERROR.*email|ERROR.*SMTP|ERROR.*mail)" $(LOGS_FILE) | tail -10; \
	fi

logs-demo:
#  Phony target (prerequisite of .PHONY).
#  Implicit rule search has not been done.
#  File does not exist.
#  File has not been updated.
#  recipe to execute (from 'makefile', line 436):
	@echo "🎭 Démonstration complète du système de logging..."
	@echo ""
	@$(MAKE) logs-test
	@echo ""
	@echo "📊 Statistiques:"
	@$(MAKE) logs-stats
	@echo ""
	@echo "❌ Erreurs détectées:"
	@$(MAKE) logs-error
	@echo ""
	@echo "⚠️  Avertissements:"
	@$(MAKE) logs-warning
	@echo ""
	@echo "🔐 Logs d'authentification:"
	@$(MAKE) logs-auth

auto-tests:
#  Phony target (prerequisite of .PHONY).
#  Implicit rule search has not been done.
#  File does not exist.
#  File has not been updated.
#  recipe to execute (from 'makefile', line 53):
	@echo "[INFO] Tests unitaires (pytest)"
	@poetry run pytest -q || { \
		if [ "$(STRICT)" = "1" ]; then \
			echo "[ERR ] Echec tests unitaires"; exit 1; \
		else \
			echo "[WARN] Echec ignoré (STRICT=0): tests unitaires"; \
		fi; \
	}

logs-api-monitoring:
#  Implicit rule search has not been done.
#  Modification time never checked.
#  File has not been updated.
#  recipe to execute (from 'makefile', line 567):
	@echo "🛣️  MONITORING DES API"
	@echo "====================="
	@echo ""
	@echo "📊 ACCÈS AUX ROUTES:"
	@echo "-------------------"
	@if [ -f "$(LOGS_FILE)" ]; then \
		grep -E "(GET|POST|DELETE|PUT)" $(LOGS_FILE) | tail -15; \
	fi
	@echo ""
	@echo "❌ ERREURS D'API:"
	@echo "----------------"
	@if [ -f "$(LOGS_FILE)" ]; then \
		grep -E "(ERROR.*route|ERROR.*API|ERROR.*endpoint)" $(LOGS_FILE) | tail -10; \
	fi
	@echo ""
	@echo "⏱️  PERFORMANCE DES ROUTES:"
	@echo "--------------------------"
	@if [ -f "$(LOGS_FILE)" ]; then \
		grep -E "(ms|temps.*exécution)" $(LOGS_FILE) | tail -10; \
	fi

logs-debug:
#  Phony target (prerequisite of .PHONY).
#  Implicit rule search has not been done.
#  File does not exist.
#  File has not been updated.
#  recipe to execute (from 'makefile', line 287):
	@echo "🔍 Logs DEBUG..."
	@if [ -f "$(LOGS_FILE)" ]; then \
		grep "DEBUG" $(LOGS_FILE) | tail -50; \
	else \
		echo "⚠️  Fichier $(LOGS_FILE) introuvable"; \
	fi

# files hash-table stats:
# Load=88/1024=9%, Rehash=0, Collisions=6/171=4%
# VPATH Search Paths

# No 'vpath' search paths.

# No general ('VPATH' variable) search path.

# strcache buffers: 1 (0) / strings = 101 / storage = 1136 B / avg = 11 B
# current buf: size = 8162 B / used = 1136 B / count = 101 / avg = 11 B

# strcache performance: lookups = 231 / hit rate = 56%
# hash-table stats:
# Load=101/8192=1%, Rehash=0, Collisions=3/231=1%
# Finished Make data base on Wed May 20 18:18:37 2026

 
